// Jest Snapshot v1, https://goo.gl/fbAQLP

exports[`WebhookPipelineInputPanel Triggers tests Renders/snapshots Initial Render - Pipeline Input Panel with CI Codebase inputs 1`] = `
<div>
  <div
    class="OverlaySpinner--overlaySpinner"
  >
    <form
      action="#"
      class="FormikForm--main"
    >
      <div>
        <div
          class="Layout--vertical Layout--layout-spacing-large StyledProps--main webhookPipelineInputContainer StyledProps--padding-none"
        >
          <div
            class="Layout--vertical Layout--layout-spacing-large StyledProps--main StyledProps--padding-left-small StyledProps--padding-right-small StyledProps--margin-large"
          >
            <div
              class="Text--withDocsTooltip"
              data-tooltip-id="pipelineInputLabel"
            >
              <span
                class="StyledProps--font StyledProps--main formContentTitle StyledProps--inline"
              >
                triggers.pipelineInputLabel
              </span>
            </div>
            <div
              class="Layout--vertical StyledProps--main formContent"
            >
              <p
                class="StyledProps--font StyledProps--main"
              >
                pipeline.pipelineInputPanel.noRuntimeInputs
              </p>
            </div>
          </div>
        </div>
      </div>
    </form>
  </div>
</div>
`;

exports[`WebhookPipelineInputPanel Triggers tests Renders/snapshots Initial Render - Pipeline Input Panel with no inputs 1`] = `
<div>
  <div
    class="OverlaySpinner--overlaySpinner"
  >
    <form
      action="#"
      class="FormikForm--main"
    >
      <div>
        <div
          class="Layout--vertical Layout--layout-spacing-large StyledProps--main webhookPipelineInputContainer StyledProps--padding-none"
        >
          <div
            class="Layout--vertical Layout--layout-spacing-large StyledProps--main StyledProps--padding-left-small StyledProps--padding-right-small StyledProps--margin-large"
          >
            <div
              class="Text--withDocsTooltip"
              data-tooltip-id="pipelineInputLabel"
            >
              <span
                class="StyledProps--font StyledProps--main formContentTitle StyledProps--inline"
              >
                triggers.pipelineInputLabel
              </span>
            </div>
            <div
              class="Layout--vertical StyledProps--main formContent"
            >
              <p
                class="StyledProps--font StyledProps--main"
              >
                pipeline.pipelineInputPanel.noRuntimeInputs
              </p>
            </div>
          </div>
        </div>
      </div>
    </form>
  </div>
</div>
`;

exports[`WebhookPipelineInputPanel Triggers tests Renders/snapshots Initial Render - Pipeline Input Panel with pipeline artifact runtime inputs 1`] = `
<div>
  <div
    class="OverlaySpinner--overlaySpinner"
  >
    <form
      action="#"
      class="FormikForm--main"
    >
      <div>
        <div
          class="Layout--vertical Layout--layout-spacing-large StyledProps--main webhookPipelineInputContainer StyledProps--padding-none"
        >
          <div
            class="Layout--vertical Layout--layout-spacing-large StyledProps--main StyledProps--padding-left-small StyledProps--padding-right-small StyledProps--margin-large"
          >
            <div
              class="Text--withDocsTooltip"
              data-tooltip-id="pipelineInputLabel"
            >
              <span
                class="StyledProps--font StyledProps--main formContentTitle StyledProps--inline"
              >
                triggers.pipelineInputLabel
              </span>
            </div>
            <div
              class="Layout--vertical StyledProps--main formContent"
            >
              <p
                class="StyledProps--font StyledProps--main"
              >
                pipeline.pipelineInputPanel.noRuntimeInputs
              </p>
            </div>
          </div>
        </div>
      </div>
    </form>
  </div>
</div>
`;

exports[`WebhookPipelineInputPanel Triggers tests Renders/snapshots Initial Render - Pipeline Input Panel with pipeline variable runtime inputs 1`] = `
<div>
  <div
    class="OverlaySpinner--overlaySpinner"
  >
    <form
      action="#"
      class="FormikForm--main"
    >
      <div>
        <div
          class="Layout--vertical Layout--layout-spacing-large StyledProps--main webhookPipelineInputContainer StyledProps--padding-none"
        >
          <div
            class="Layout--vertical Layout--layout-spacing-large StyledProps--main StyledProps--padding-left-small StyledProps--padding-right-small StyledProps--margin-large"
          >
            <div
              class="Text--withDocsTooltip"
              data-tooltip-id="pipelineInputLabel"
            >
              <span
                class="StyledProps--font StyledProps--main formContentTitle StyledProps--inline"
              >
                triggers.pipelineInputLabel
              </span>
            </div>
            <div
              class="Layout--vertical StyledProps--main formContent"
            >
              <p
                class="StyledProps--font StyledProps--main"
              >
                pipeline.pipelineInputPanel.noRuntimeInputs
              </p>
            </div>
          </div>
        </div>
      </div>
    </form>
  </div>
</div>
`;

exports[`WebhookPipelineInputPanel Triggers tests Renders/snapshots Initial Render - Pipeline Input Panel with two runtime inputs 1`] = `
<div>
  <div
    class="OverlaySpinner--overlaySpinner"
  >
    <form
      action="#"
      class="FormikForm--main"
    >
      <div>
        <div
          class="Layout--vertical Layout--layout-spacing-large StyledProps--main webhookPipelineInputContainer StyledProps--padding-none"
        >
          <div
            class="Layout--vertical Layout--layout-spacing-large StyledProps--main StyledProps--padding-left-small StyledProps--padding-right-small StyledProps--margin-large"
          >
            <div
              class="Text--withDocsTooltip"
              data-tooltip-id="pipelineInputLabel"
            >
              <span
                class="StyledProps--font StyledProps--main formContentTitle StyledProps--inline"
              >
                triggers.pipelineInputLabel
              </span>
            </div>
            <div
              class="Layout--vertical StyledProps--main formContent"
            >
              <p
                class="StyledProps--font StyledProps--main"
              >
                pipeline.pipelineInputPanel.noRuntimeInputs
              </p>
            </div>
          </div>
        </div>
      </div>
    </form>
  </div>
</div>
`;
