// Jest Snapshot v1, https://goo.gl/fbAQLP

exports[`Use DNS for Setup No Access Point is available 1`] = `
<div>
  <div
    class="Layout--vertical Layout--layout-spacing-medium StyledProps--main StyledProps--padding-medium"
  >
    <h3
      class="StyledProps--font StyledProps--font-h3 StyledProps--main"
      level="3"
    >
      A DNS Link lets you to connect to the Rule by matching human-readable domain names
    </h3>
    <div
      class="OverlaySpinner--overlaySpinner"
    >
      <form
        class="FormikForm--main"
      >
        <div>
          <div
            class="Layout--vertical Layout--layout-spacing-large StyledProps--main"
          >
            <div
              class="StyledProps--font StyledProps--main dnsLinkContainer"
            >
              <h3
                class="StyledProps--font StyledProps--font-h3 StyledProps--main header StyledProps--font-weight-bold"
                level="3"
              >
                ce.co.autoStoppingRule.setupAccess.selectLb
              </h3>
              <div
                class="Layout--horizontal StyledProps--main selectLoadBalancerContainer"
              >
                <img
                  class="helperImage"
                  src="test-file-stub"
                />
                <div>
                  <p
                    class="StyledProps--font StyledProps--main helpText"
                  >
                    ce.co.autoStoppingRule.setupAccess.selectLbHelpText
                  </p>
                  <div
                    class="Layout--horizontal StyledProps--main StyledProps--flex StyledProps--flex-alignItems-center StyledProps--flex-justifyContent-flex-start"
                  >
                    <div
                      class="bp3-popover-wrapper loadBalancerSelector Select--main bp3-fill"
                    >
                      <div
                        class="bp3-popover-target"
                      >
                        <div
                          class="bp3-input-group"
                        >
                          <input
                            autocomplete="off"
                            class="bp3-input"
                            name="accessPoint"
                            placeholder="Search..."
                            style="padding-right: 0px;"
                            type="text"
                            value=""
                          />
                          <span
                            class="bp3-input-action"
                          >
                            <span
                              class="bp3-icon bp3-icon-caret-down StyledProps--main StyledProps--padding-small"
                              icon="caret-down"
                            >
                              <svg
                                data-icon="caret-down"
                                height="14"
                                viewBox="0 0 16 16"
                                width="14"
                              >
                                <desc>
                                  caret-down
                                </desc>
                                <path
                                  d="M12 6.5c0-.28-.22-.5-.5-.5h-7a.495.495 0 00-.37.83l3.5 4c.09.1.22.17.37.17s.28-.07.37-.17l3.5-4c.08-.09.13-.2.13-.33z"
                                  fill-rule="evenodd"
                                />
                              </svg>
                            </span>
                          </span>
                        </div>
                      </div>
                    </div>
                    <p
                      class="StyledProps--font StyledProps--main StyledProps--color StyledProps--color-blue500"
                      style="cursor: pointer;"
                    >
                      +ce.co.accessPoint.new
                    </p>
                  </div>
                </div>
              </div>
            </div>
            <div
              class="StyledProps--font StyledProps--main dnsLinkContainer"
            >
              <div
                class="Layout--horizontal Layout--layout-spacing-small StyledProps--main"
              >
                <h3
                  class="StyledProps--font StyledProps--font-h3 StyledProps--main StyledProps--font-weight-light"
                  level="3"
                >
                  ce.co.autoStoppingRule.setupAccess.customDomain.helpText
                </h3>
              </div>
              <div
                class="Layout--horizontal StyledProps--main"
              >
                <label
                  class="bp3-control bp3-radio"
                >
                  <input
                    checked=""
                    type="radio"
                    value="no"
                  />
                  <span
                    class="bp3-control-indicator"
                  />
                </label>
                <div
                  class="Layout--vertical Layout--layout-spacing-xsmall StyledProps--main"
                >
                  <p
                    class="StyledProps--font StyledProps--main"
                    style="font-weight: 500; line-height: 20px;"
                  >
                    ce.co.dnsSetup.autoURL
                  </p>
                  <p
                    class="StyledProps--font StyledProps--main StyledProps--color StyledProps--color-grey500"
                    style="font-size: 12px; font-weight: 400; line-height: 18px;"
                  >
                    ce.co.autoStoppingRule.setupAccess.autogeneratedHelpText
                  </p>
                </div>
              </div>
              <div
                class="Layout--horizontal StyledProps--main"
                style="width: 100%;"
              >
                <label
                  class="bp3-control bp3-radio centerAlignedRadio"
                >
                  <input
                    name="usingCustomDomain"
                    type="radio"
                    value="yes"
                  />
                  <span
                    class="bp3-control-indicator"
                  />
                </label>
                <div
                  class="bp3-form-group bp3-disabled"
                  data-id="customURL-0"
                  style="width: 100%;"
                >
                  <div
                    class="bp3-form-content"
                  >
                    <div
                      class="bp3-input-group bp3-disabled"
                    >
                      <input
                        autocomplete="off"
                        class="bp3-input"
                        disabled=""
                        name="customURL"
                        placeholder="ce.co.dnsSetup.customURL"
                        type="text"
                        value=""
                      />
                    </div>
                  </div>
                </div>
              </div>
              <label
                class="bp3-control bp3-checkbox StyledProps--font Checkbox--checkbox publicAccessibleCheckboxContainer StyledProps--main"
              >
                <input
                  checked=""
                  name="publicallyAccessible"
                  type="checkbox"
                />
                <span
                  class="bp3-control-indicator"
                />
                This url is publicly accessible
              </label>
            </div>
            
          </div>
        </div>
      </form>
    </div>
  </div>
</div>
`;

exports[`Use DNS for Setup No hosted zone is available 1`] = `
<div>
  <div
    class="Layout--vertical Layout--layout-spacing-medium StyledProps--main StyledProps--padding-medium"
  >
    <h3
      class="StyledProps--font StyledProps--font-h3 StyledProps--main"
      level="3"
    >
      A DNS Link lets you to connect to the Rule by matching human-readable domain names
    </h3>
    <div
      class="OverlaySpinner--overlaySpinner"
    >
      <form
        class="FormikForm--main"
      >
        <div>
          <div
            class="Layout--vertical Layout--layout-spacing-large StyledProps--main"
          >
            <div
              class="StyledProps--font StyledProps--main dnsLinkContainer"
            >
              <h3
                class="StyledProps--font StyledProps--font-h3 StyledProps--main header StyledProps--font-weight-bold"
                level="3"
              >
                ce.co.autoStoppingRule.setupAccess.selectLb
              </h3>
              <div
                class="Layout--horizontal StyledProps--main selectLoadBalancerContainer"
              >
                <img
                  class="helperImage"
                  src="test-file-stub"
                />
                <div>
                  <p
                    class="StyledProps--font StyledProps--main helpText"
                  >
                    ce.co.autoStoppingRule.setupAccess.selectLbHelpText
                  </p>
                  <div
                    class="Layout--horizontal StyledProps--main StyledProps--flex StyledProps--flex-alignItems-center StyledProps--flex-justifyContent-flex-start"
                  >
                    <div
                      class="bp3-popover-wrapper loadBalancerSelector Select--main bp3-fill"
                    >
                      <div
                        class="bp3-popover-target"
                      >
                        <div
                          class="bp3-input-group"
                        >
                          <input
                            autocomplete="off"
                            class="bp3-input"
                            name="accessPoint"
                            placeholder="Search..."
                            style="padding-right: 0px;"
                            type="text"
                            value=""
                          />
                          <span
                            class="bp3-input-action"
                          >
                            <span
                              class="bp3-icon bp3-icon-caret-down StyledProps--main StyledProps--padding-small"
                              icon="caret-down"
                            >
                              <svg
                                data-icon="caret-down"
                                height="14"
                                viewBox="0 0 16 16"
                                width="14"
                              >
                                <desc>
                                  caret-down
                                </desc>
                                <path
                                  d="M12 6.5c0-.28-.22-.5-.5-.5h-7a.495.495 0 00-.37.83l3.5 4c.09.1.22.17.37.17s.28-.07.37-.17l3.5-4c.08-.09.13-.2.13-.33z"
                                  fill-rule="evenodd"
                                />
                              </svg>
                            </span>
                          </span>
                        </div>
                      </div>
                    </div>
                    <p
                      class="StyledProps--font StyledProps--main StyledProps--color StyledProps--color-blue500"
                      style="cursor: pointer;"
                    >
                      +ce.co.accessPoint.new
                    </p>
                  </div>
                </div>
              </div>
            </div>
            <div
              class="StyledProps--font StyledProps--main dnsLinkContainer"
            >
              <div
                class="Layout--horizontal Layout--layout-spacing-small StyledProps--main"
              >
                <h3
                  class="StyledProps--font StyledProps--font-h3 StyledProps--main StyledProps--font-weight-light"
                  level="3"
                >
                  ce.co.autoStoppingRule.setupAccess.customDomain.helpText
                </h3>
              </div>
              <div
                class="Layout--horizontal StyledProps--main"
              >
                <label
                  class="bp3-control bp3-radio"
                >
                  <input
                    checked=""
                    type="radio"
                    value="no"
                  />
                  <span
                    class="bp3-control-indicator"
                  />
                </label>
                <div
                  class="Layout--vertical Layout--layout-spacing-xsmall StyledProps--main"
                >
                  <p
                    class="StyledProps--font StyledProps--main"
                    style="font-weight: 500; line-height: 20px;"
                  >
                    ce.co.dnsSetup.autoURL
                  </p>
                  <p
                    class="StyledProps--font StyledProps--main StyledProps--color StyledProps--color-grey500"
                    style="font-size: 12px; font-weight: 400; line-height: 18px;"
                  >
                    ce.co.autoStoppingRule.setupAccess.autogeneratedHelpText
                  </p>
                </div>
              </div>
              <div
                class="Layout--horizontal StyledProps--main"
                style="width: 100%;"
              >
                <label
                  class="bp3-control bp3-radio centerAlignedRadio"
                >
                  <input
                    name="usingCustomDomain"
                    type="radio"
                    value="yes"
                  />
                  <span
                    class="bp3-control-indicator"
                  />
                </label>
                <div
                  class="bp3-form-group bp3-disabled"
                  data-id="customURL-0"
                  style="width: 100%;"
                >
                  <div
                    class="bp3-form-content"
                  >
                    <div
                      class="bp3-input-group bp3-disabled"
                    >
                      <input
                        autocomplete="off"
                        class="bp3-input"
                        disabled=""
                        name="customURL"
                        placeholder="ce.co.dnsSetup.customURL"
                        type="text"
                        value=""
                      />
                    </div>
                  </div>
                </div>
              </div>
              <label
                class="bp3-control bp3-checkbox StyledProps--font Checkbox--checkbox publicAccessibleCheckboxContainer StyledProps--main"
              >
                <input
                  checked=""
                  name="publicallyAccessible"
                  type="checkbox"
                />
                <span
                  class="bp3-control-indicator"
                />
                This url is publicly accessible
              </label>
            </div>
            
          </div>
        </div>
      </form>
    </div>
  </div>
</div>
`;

exports[`Use DNS for Setup renders without crashing 1`] = `
<div>
  <div
    class="Layout--vertical Layout--layout-spacing-medium StyledProps--main StyledProps--padding-medium"
  >
    <h3
      class="StyledProps--font StyledProps--font-h3 StyledProps--main"
      level="3"
    >
      A DNS Link lets you to connect to the Rule by matching human-readable domain names
    </h3>
    <div
      class="OverlaySpinner--overlaySpinner"
    >
      <form
        class="FormikForm--main"
      >
        <div>
          <div
            class="Layout--vertical Layout--layout-spacing-large StyledProps--main"
          >
            <div
              class="StyledProps--font StyledProps--main dnsLinkContainer"
            >
              <h3
                class="StyledProps--font StyledProps--font-h3 StyledProps--main header StyledProps--font-weight-bold"
                level="3"
              >
                ce.co.autoStoppingRule.setupAccess.selectLb
              </h3>
              <div
                class="Layout--horizontal StyledProps--main selectLoadBalancerContainer"
              >
                <img
                  class="helperImage"
                  src="test-file-stub"
                />
                <div>
                  <p
                    class="StyledProps--font StyledProps--main helpText"
                  >
                    ce.co.autoStoppingRule.setupAccess.selectLbHelpText
                  </p>
                  <div
                    class="Layout--horizontal StyledProps--main StyledProps--flex StyledProps--flex-alignItems-center StyledProps--flex-justifyContent-flex-start"
                  >
                    <div
                      class="bp3-popover-wrapper loadBalancerSelector Select--main bp3-fill"
                    >
                      <div
                        class="bp3-popover-target"
                      >
                        <div
                          class="bp3-input-group"
                        >
                          <input
                            autocomplete="off"
                            class="bp3-input"
                            name="accessPoint"
                            placeholder="Search..."
                            style="padding-right: 0px;"
                            type="text"
                            value=""
                          />
                          <span
                            class="bp3-input-action"
                          >
                            <span
                              class="bp3-icon bp3-icon-caret-down StyledProps--main StyledProps--padding-small"
                              icon="caret-down"
                            >
                              <svg
                                data-icon="caret-down"
                                height="14"
                                viewBox="0 0 16 16"
                                width="14"
                              >
                                <desc>
                                  caret-down
                                </desc>
                                <path
                                  d="M12 6.5c0-.28-.22-.5-.5-.5h-7a.495.495 0 00-.37.83l3.5 4c.09.1.22.17.37.17s.28-.07.37-.17l3.5-4c.08-.09.13-.2.13-.33z"
                                  fill-rule="evenodd"
                                />
                              </svg>
                            </span>
                          </span>
                        </div>
                      </div>
                    </div>
                    <p
                      class="StyledProps--font StyledProps--main StyledProps--color StyledProps--color-blue500"
                      style="cursor: pointer;"
                    >
                      +ce.co.accessPoint.new
                    </p>
                  </div>
                </div>
              </div>
            </div>
            <div
              class="StyledProps--font StyledProps--main dnsLinkContainer"
            >
              <div
                class="Layout--horizontal Layout--layout-spacing-small StyledProps--main"
              >
                <h3
                  class="StyledProps--font StyledProps--font-h3 StyledProps--main StyledProps--font-weight-light"
                  level="3"
                >
                  ce.co.autoStoppingRule.setupAccess.customDomain.helpText
                </h3>
              </div>
              <div
                class="Layout--horizontal StyledProps--main"
              >
                <label
                  class="bp3-control bp3-radio"
                >
                  <input
                    checked=""
                    type="radio"
                    value="no"
                  />
                  <span
                    class="bp3-control-indicator"
                  />
                </label>
                <div
                  class="Layout--vertical Layout--layout-spacing-xsmall StyledProps--main"
                >
                  <p
                    class="StyledProps--font StyledProps--main"
                    style="font-weight: 500; line-height: 20px;"
                  >
                    ce.co.dnsSetup.autoURL
                  </p>
                  <p
                    class="StyledProps--font StyledProps--main StyledProps--color StyledProps--color-grey500"
                    style="font-size: 12px; font-weight: 400; line-height: 18px;"
                  >
                    ce.co.autoStoppingRule.setupAccess.autogeneratedHelpText
                  </p>
                </div>
              </div>
              <div
                class="Layout--horizontal StyledProps--main"
                style="width: 100%;"
              >
                <label
                  class="bp3-control bp3-radio centerAlignedRadio"
                >
                  <input
                    name="usingCustomDomain"
                    type="radio"
                    value="yes"
                  />
                  <span
                    class="bp3-control-indicator"
                  />
                </label>
                <div
                  class="bp3-form-group bp3-disabled"
                  data-id="customURL-0"
                  style="width: 100%;"
                >
                  <div
                    class="bp3-form-content"
                  >
                    <div
                      class="bp3-input-group bp3-disabled"
                    >
                      <input
                        autocomplete="off"
                        class="bp3-input"
                        disabled=""
                        name="customURL"
                        placeholder="ce.co.dnsSetup.customURL"
                        type="text"
                        value=""
                      />
                    </div>
                  </div>
                </div>
              </div>
              <label
                class="bp3-control bp3-checkbox StyledProps--font Checkbox--checkbox publicAccessibleCheckboxContainer StyledProps--main"
              >
                <input
                  checked=""
                  name="publicallyAccessible"
                  type="checkbox"
                />
                <span
                  class="bp3-control-indicator"
                />
                This url is publicly accessible
              </label>
            </div>
            
          </div>
        </div>
      </form>
    </div>
  </div>
</div>
`;
