// Jest Snapshot v1, https://goo.gl/fbAQLP

exports[`Create DelegateSetup Step render data 1`] = `
<div>
  <div
    class="Layout--vertical StyledProps--main StyledProps--padding-xxlarge"
  >
    <div
      class="StyledProps--font StyledProps--main StyledProps--padding-small"
    >
      <div
        class="OverlaySpinner--overlaySpinner"
      >
        <form
          class="FormikForm--main"
        >
          <div>
            <div
              class="StyledProps--font StyledProps--main delegateForm"
            >
              <div
                class="Layout--horizontal StyledProps--main baseContainer"
              >
                <div
                  class="Layout--vertical StyledProps--main leftPanel"
                >
                  <div
                    class="formGroup"
                  >
                    <div
                      class="StyledProps--font StyledProps--main main"
                    >
                      <div
                        class="StyledProps--font StyledProps--main connectorFormNameWrapper"
                      >
                        <div
                          class="StyledProps--font StyledProps--main connectorFormNameElm"
                        >
                          <div
                            class="InputWithIdentifier--txtNameContainer TextInput--main"
                          >
                            <div
                              class="Layout--horizontal Layout--layout-spacing-xsmall StyledProps--main InputWithIdentifier--txtIdContainer"
                            >
                              <p
                                class="StyledProps--font StyledProps--main"
                              >
                                ID
                                :
                              </p>
                              <span
                                class="bp3-popover-wrapper"
                              >
                                <span
                                  class="bp3-popover-target"
                                >
                                  <div
                                    class="bp3-editable-text bp3-editable-text-placeholder InputWithIdentifier--idValue"
                                    tabindex="0"
                                  >
                                    <span
                                      class="bp3-editable-text-content"
                                      style="height: 1px; line-height: 1px; min-width: 0;"
                                    />
                                  </div>
                                </span>
                              </span>
                              <span
                                class="bp3-icon bp3-icon-edit StyledProps--main"
                                icon="edit"
                                style="vertical-align: middle; cursor: pointer;"
                              >
                                <svg
                                  data-icon="edit"
                                  height="12"
                                  viewBox="0 0 16 16"
                                  width="12"
                                >
                                  <desc>
                                    edit
                                  </desc>
                                  <path
                                    d="M3.25 10.26l2.47 2.47 6.69-6.69-2.46-2.48-6.7 6.7zM.99 14.99l3.86-1.39-2.46-2.44-1.4 3.83zm12.25-14c-.48 0-.92.2-1.24.51l-1.44 1.44 2.47 2.47 1.44-1.44c.32-.32.51-.75.51-1.24.01-.95-.77-1.74-1.74-1.74z"
                                    fill-rule="evenodd"
                                  />
                                </svg>
                              </span>
                            </div>
                            <div
                              class="bp3-form-group"
                              data-id="name-0"
                            >
                              <label
                                class="bp3-label"
                                for="name"
                              >
                                <span
                                  class="Tooltip--acenter"
                                  data-tooltip-id="delegateSetupStepForm_name"
                                >
                                  delegate.delegateName
                                </span>
                                 
                                <span
                                  class="bp3-text-muted"
                                />
                              </label>
                              <div
                                class="bp3-form-content"
                              >
                                <div
                                  class="bp3-input-group"
                                >
                                  <input
                                    autocomplete="off"
                                    class="bp3-input"
                                    name="name"
                                    type="text"
                                    value=""
                                  />
                                </div>
                              </div>
                            </div>
                          </div>
                        </div>
                        <div
                          class="Layout--vertical Layout--layout-spacing-xsmall StyledProps--main"
                          style="justify-content: center;"
                        >
                          <p
                            class="StyledProps--font StyledProps--main fieldToggleLabel StyledProps--color StyledProps--color-primary7"
                          >
                            + Description
                          </p>
                          <p
                            class="StyledProps--font StyledProps--main fieldToggleLabel StyledProps--color StyledProps--color-primary7"
                          >
                            + Tags
                          </p>
                        </div>
                      </div>
                    </div>
                  </div>
                  <div
                    class="Layout--vertical StyledProps--main delegateSizeField"
                  >
                    <label
                      class="delegateSizeLabel"
                    >
                      delegate.delegateSize
                    </label>
                    <div
                      class="formGroup"
                    >
                      <div
                        class="grid delegateSizeWrapper"
                      >
                        <div
                          class="bp3-card bp3-interactive bp3-elevation-0 Card--card Card--interactive"
                          data-index="0"
                          tabindex="0"
                        >
                          <div
                            class="StyledProps--font StyledProps--main cardWrapper"
                          >
                            <div
                              class="undefined sizeTag"
                            >
                              Extra Small
                            </div>
                            <div
                              class="Layout--vertical StyledProps--main textCenter"
                            >
                              <div
                                class="uptoText"
                              >
                                delegates.delegateSizeUpTo
                              </div>
                              <p
                                class="StyledProps--font StyledProps--main replicaText"
                              >
                                delegates.replicaText
                                1
                                 
                              </p>
                            </div>
                            <div
                              class="StyledProps--font StyledProps--main footer"
                            >
                              <div
                                class="Layout--vertical StyledProps--main textCenter"
                              >
                                <p
                                  class="StyledProps--font StyledProps--main footerHeader"
                                >
                                   
                                  DELEGATE.TOTALMEM
                                </p>
                                <p
                                  class="StyledProps--font StyledProps--main footerContent"
                                >
                                  0.5
                                  delegates.totalMemUnit
                                </p>
                              </div>
                              <div
                                class="Layout--vertical StyledProps--main textCenter"
                              >
                                <p
                                  class="StyledProps--font StyledProps--main footerHeader"
                                >
                                  DELEGATE.TOTALCPU
                                </p>
                                <p
                                  class="StyledProps--font StyledProps--main footerContent"
                                >
                                  0.5
                                </p>
                              </div>
                            </div>
                          </div>
                        </div>
                        <div
                          class="bp3-card bp3-interactive bp3-elevation-0 Card--card Card--interactive"
                          data-index="1"
                          tabindex="0"
                        >
                          <div
                            class="StyledProps--font StyledProps--main cardWrapper"
                          >
                            <div
                              class="small sizeTag"
                            >
                              Small
                            </div>
                            <div
                              class="Layout--vertical StyledProps--main textCenter"
                            >
                              <div
                                class="uptoText"
                              >
                                delegates.delegateSizeUpTo
                              </div>
                              <p
                                class="StyledProps--font StyledProps--main replicaText"
                              >
                                delegates.replicaText
                                1
                                 
                              </p>
                            </div>
                            <div
                              class="StyledProps--font StyledProps--main footer"
                            >
                              <div
                                class="Layout--vertical StyledProps--main textCenter"
                              >
                                <p
                                  class="StyledProps--font StyledProps--main footerHeader"
                                >
                                   
                                  DELEGATE.TOTALMEM
                                </p>
                                <p
                                  class="StyledProps--font StyledProps--main footerContent"
                                >
                                  0.5
                                  delegates.totalMemUnit
                                </p>
                              </div>
                              <div
                                class="Layout--vertical StyledProps--main textCenter"
                              >
                                <p
                                  class="StyledProps--font StyledProps--main footerHeader"
                                >
                                  DELEGATE.TOTALCPU
                                </p>
                                <p
                                  class="StyledProps--font StyledProps--main footerContent"
                                >
                                  0.5
                                </p>
                              </div>
                            </div>
                          </div>
                        </div>
                        <div
                          class="bp3-card bp3-interactive bp3-elevation-0 Card--card Card--interactive"
                          data-index="2"
                          tabindex="0"
                        >
                          <div
                            class="StyledProps--font StyledProps--main cardWrapper"
                          >
                            <div
                              class="large sizeTag"
                            >
                              Large
                            </div>
                            <div
                              class="Layout--vertical StyledProps--main textCenter"
                            >
                              <div
                                class="uptoText"
                              >
                                delegates.delegateSizeUpTo
                              </div>
                              <p
                                class="StyledProps--font StyledProps--main replicaText"
                              >
                                delegates.replicaText
                                1
                                 
                              </p>
                            </div>
                            <div
                              class="StyledProps--font StyledProps--main footer"
                            >
                              <div
                                class="Layout--vertical StyledProps--main textCenter"
                              >
                                <p
                                  class="StyledProps--font StyledProps--main footerHeader"
                                >
                                   
                                  DELEGATE.TOTALMEM
                                </p>
                                <p
                                  class="StyledProps--font StyledProps--main footerContent"
                                >
                                  0.5
                                  delegates.totalMemUnit
                                </p>
                              </div>
                              <div
                                class="Layout--vertical StyledProps--main textCenter"
                              >
                                <p
                                  class="StyledProps--font StyledProps--main footerHeader"
                                >
                                  DELEGATE.TOTALCPU
                                </p>
                                <p
                                  class="StyledProps--font StyledProps--main footerContent"
                                >
                                  0.5
                                </p>
                              </div>
                            </div>
                          </div>
                        </div>
                      </div>
                    </div>
                    <div
                      class="StyledProps--font StyledProps--main workloadSeparator"
                    >
                      <p
                        class="StyledProps--font StyledProps--main StyledProps--color StyledProps--color-orange500"
                      >
                        delegate.productionWorkloads
                      </p>
                    </div>
                  </div>
                  <div
                    class="formGroup profileSelect"
                  >
                    <div
                      class="bp3-form-group"
                      data-id="delegateConfigurationId-1"
                    >
                      <label
                        class="bp3-label"
                        for="delegateConfigurationId"
                      >
                        <span
                          class="Tooltip--acenter"
                          data-tooltip-id="delegateSetupStepForm_delegateConfigurationId"
                        >
                          delegate.delegateConfigurations
                        </span>
                         
                        <span
                          class="bp3-text-muted"
                        />
                      </label>
                      <div
                        class="bp3-form-content"
                      >
                        <div
                          class="bp3-popover-wrapper Select--main bp3-fill"
                        >
                          <div
                            class="bp3-popover-target"
                          >
                            <div
                              class="bp3-input-group"
                            >
                              <input
                                autocomplete="off"
                                class="bp3-input"
                                name="delegateConfigurationId"
                                placeholder="- Select -"
                                style="padding-right: 0px;"
                                type="text"
                                value="Profile Name 3"
                              />
                              <span
                                class="bp3-input-action"
                              >
                                <span
                                  class="bp3-icon bp3-icon-chevron-down StyledProps--main StyledProps--padding-small"
                                  icon="chevron-down"
                                >
                                  <svg
                                    data-icon="chevron-down"
                                    height="14"
                                    viewBox="0 0 16 16"
                                    width="14"
                                  >
                                    <desc>
                                      chevron-down
                                    </desc>
                                    <path
                                      d="M12 5c-.28 0-.53.11-.71.29L8 8.59l-3.29-3.3a1.003 1.003 0 00-1.42 1.42l4 4c.18.18.43.29.71.29s.53-.11.71-.29l4-4A1.003 1.003 0 0012 5z"
                                      fill-rule="evenodd"
                                    />
                                  </svg>
                                </span>
                              </span>
                            </div>
                          </div>
                        </div>
                      </div>
                    </div>
                  </div>
                  
                </div>
                <div
                  class="Layout--vertical StyledProps--main rightPanel"
                >
                  <div
                    class="permissionsTitle"
                  >
                    delegates.delegatePermissions.title
                  </div>
                  <div
                    class=""
                    style="display: flex; flex-direction: column;"
                  >
                    <div
                      class="bp3-card bp3-interactive bp3-elevation-0 Card--card permissionSelect Card--selected Card--interactive"
                      data-index="0"
                      tabindex="0"
                    >
                      <span
                        class="Card--corner"
                      >
                        <span
                          class="Card--badge"
                        />
                        <span
                          class="bp3-icon StyledProps--main StyledProps--color StyledProps--color-white"
                          data-icon="main-tick"
                        >
                          <svg
                            height="10"
                            viewBox="0 0 11 8"
                            width="10"
                            xmlns="http://www.w3.org/2000/svg"
                          >
                            <path
                              d="M9.219.894c.356-.38.982-.413 1.398-.072.391.32.457.857.167 1.236l-.06.07-5.138 5.486c-.362.386-.993.41-1.403.068l-.07-.064-3.2-3.214A.88.88 0 01.95 3.098a1.045 1.045 0 011.328-.003l.074.067 2.443 2.454L9.22.894z"
                              fill="currentColor"
                            />
                          </svg>
                        </span>
                      </span>
                      <div
                        class="StyledProps--font StyledProps--main"
                      >
                        <div
                          class="permissionSelectTitle"
                        >
                          delegates.delegatePermissions.clusterWriteTitle
                        </div>
                        <p
                          class="StyledProps--font StyledProps--main permissionSelectDetails"
                        >
                          delegates.delegatePermissions.clusterWriteContent
                        </p>
                      </div>
                    </div>
                    <div
                      class="bp3-card bp3-interactive bp3-elevation-0 Card--card permissionSelect Card--interactive"
                      data-index="1"
                      tabindex="0"
                    >
                      <div
                        class="StyledProps--font StyledProps--main"
                      >
                        <div
                          class="permissionSelectTitle"
                        >
                          delegates.delegatePermissions.clusterReadTitle
                        </div>
                        <p
                          class="StyledProps--font StyledProps--main permissionSelectDetails"
                        >
                          delegates.delegatePermissions.clusterReadContent
                        </p>
                      </div>
                    </div>
                    <div
                      class="bp3-card bp3-interactive bp3-elevation-0 Card--card permissionSelect Card--interactive"
                      data-index="2"
                      tabindex="0"
                    >
                      <div
                        class="StyledProps--font StyledProps--main"
                      >
                        <div
                          class="permissionSelectTitle"
                        >
                          delegates.delegatePermissions.specificNamespaceTitle
                        </div>
                        <p
                          class="StyledProps--font StyledProps--main permissionSelectDetails"
                        >
                          delegates.delegatePermissions.specificNamespaceContent
                        </p>
                        <div
                          class="namespace"
                        >
                          <div
                            class="bp3-form-group"
                            data-id="k8sConfigDetails.namespace-2"
                          >
                            <label
                              class="bp3-label"
                              for="k8sConfigDetails.namespace"
                            >
                              <span
                                class="Tooltip--acenter"
                                data-tooltip-id="delegateSetupStepForm_k8sConfigDetails.namespace"
                              >
                                common.namespace
                              </span>
                               
                              <span
                                class="bp3-text-muted"
                              />
                            </label>
                            <div
                              class="bp3-form-content"
                            >
                              <div
                                class="bp3-input-group"
                              >
                                <input
                                  autocomplete="off"
                                  class="bp3-input"
                                  name="k8sConfigDetails.namespace"
                                  type="text"
                                  value=""
                                />
                              </div>
                            </div>
                          </div>
                        </div>
                      </div>
                    </div>
                  </div>
                </div>
              </div>
            </div>
            <div
              class="Layout--horizontal StyledProps--main formFooter"
            >
              <button
                class="bp3-button Button--button StyledProps--font StyledProps--main backBtn footerBtn StyledProps--margin-right-small Button--with-current-color"
                id="delegateSetupBackBtn"
                type="button"
              >
                <span
                  class="bp3-icon bp3-icon-chevron-left StyledProps--main StyledProps--padding-right-xsmall"
                  icon="chevron-left"
                >
                  <svg
                    data-icon="chevron-left"
                    height="16"
                    viewBox="0 0 16 16"
                    width="16"
                  >
                    <desc>
                      chevron-left
                    </desc>
                    <path
                      d="M7.41 8l3.29-3.29c.19-.18.3-.43.3-.71a1.003 1.003 0 00-1.71-.71l-4 4C5.11 7.47 5 7.72 5 8c0 .28.11.53.29.71l4 4a1.003 1.003 0 001.42-1.42L7.41 8z"
                      fill-rule="evenodd"
                    />
                  </svg>
                </span>
                <span
                  class="bp3-button-text"
                >
                  back
                </span>
              </button>
              <button
                class="bp3-button Button--button StyledProps--font StyledProps--main submitBtn footerBtn StyledProps--intent-primary Button--with-current-color"
                type="submit"
              >
                <span
                  class="bp3-button-text"
                >
                  continue
                </span>
                <span
                  class="bp3-icon bp3-icon-chevron-right StyledProps--main"
                  icon="chevron-right"
                >
                  <svg
                    data-icon="chevron-right"
                    height="16"
                    viewBox="0 0 16 16"
                    width="16"
                  >
                    <desc>
                      chevron-right
                    </desc>
                    <path
                      d="M10.71 7.29l-4-4a1.003 1.003 0 00-1.42 1.42L8.59 8 5.3 11.29c-.19.18-.3.43-.3.71a1.003 1.003 0 001.71.71l4-4c.18-.18.29-.43.29-.71 0-.28-.11-.53-.29-.71z"
                      fill-rule="evenodd"
                    />
                  </svg>
                </span>
              </button>
            </div>
          </div>
        </form>
      </div>
    </div>
  </div>
</div>
`;
